[91mERROR[0m: Trying to map to the terminal end 'b2_2' within node 'board_2'!
