ERROR: Trying to map to the terminal end 'b2_2' within node 'board_2'!
