ERROR: Trying to assign port 'C' to pin 'D1' which is already assigned to port 'A'!
