[91mERROR[0m: Port 'C', end 'end_C' not found in the resolved tree within node 'board_1'!
