[91mERROR[0m: Port 'out_2' assigned to pin 'A2' mapped to non terminal end 'end_2' within node 'board_2'!
