[91mERROR[0m: Terminal end 'end_2' within node 'board_2' not mapped to any pin!
