ERROR: Terminal end 'end_C' within node 'board_1' not assigned to any port!
