[91mERROR[0m: Conflicting key 'D2' within node 'board_1'!
