ERROR: Conflicting key 'D2' within node 'board_1'!
